Microchip MPLAB XC8 Compiler V1.34 ()

Linker command line:

--edf=/Applications/microchip/xc8/v1.34/dat/en_msgs.txt -cs \
  -h+dist/default/production/Wireless_Heater.X.production.sym \
  --cmf=dist/default/production/Wireless_Heater.X.production.cmf -z \
  -Q18F4550 -o/tmp/cgt0m8hqT \
  -Mdist/default/production/Wireless_Heater.X.production.map -E1 -ver=XC8 \
  -ASTACK=060h-07ffh -pstack=STACK -ACODE=00h-07FFFh -ACONST=00h-07FFFh \
  -ASMALLCONST=0800h-08FFhx120 -AMEDIUMCONST=0800h-07FFFh -ACOMRAM=01h-05Fh \
  -AABS1=00h-07FFh -ABIGRAM=01h-07FFh -ARAM=060h-0FFh,0100h-01FFhx7 \
  -ABANK0=060h-0FFh -ABANK1=0100h-01FFh -ABANK2=0200h-02FFh \
  -ABANK3=0300h-03FFh -ABANK4=0400h-04FFh -ABANK5=0500h-05FFh \
  -ABANK6=0600h-06FFh -ABANK7=0700h-07FFh -ASFR=0F60h-0FFFh \
  -preset_vec=00h,intcode,intcodelo,powerup,init,end_init -pramtop=0800h \
  -psmallconst=SMALLCONST -pmediumconst=MEDIUMCONST -pconst=CONST \
  -AFARRAM=00h-00h -ACONFIG=0300000h-030000Dh -pconfig=CONFIG \
  -AIDLOC=0200000h-0200007h -pidloc=IDLOC -AEEDATA=0F00000h-0F000FFh \
  -peeprom_data=EEDATA \
  -prdata=COMRAM,nvrram=COMRAM,nvbit=COMRAM,rbss=COMRAM,rbit=COMRAM \
  -pfarbss=FARRAM,fardata=FARRAM,nvFARRAM=FARRAM \
  -pintsave_regs=BIGRAM,bigbss=BIGRAM,bigdata=BIGRAM -pbss=RAM \
  -pidata=CODE,irdata=CODE,ibigdata=CODE,ifardata=CODE -prparam=COMRAM \
  /tmp/cgtBubfSl.obj \
  dist/default/production/Wireless_Heater.X.production.obj 

Object code version is 3.11

Machine type is 18F4550

Call graph: (short form)




                Name                               Link     Load   Length Selector   Space Scale
/tmp/cgtBubfSl.obj
                end_init                              0        0        4        0       0
                idloc                            200000   200000        8   200000       0
                config                           300000   300000        E   300000       0
dist/default/production/Wireless_Heater.X.production.obj
                text15                             7C7A     7C7A       C6     3E3D       0
                text14                             7910     7910       3C     3C88       0
                text13                             7D40     7D40       F8     3EA0       0
                text12                             79C8     79C8       46     3CE4       0
                text11                             78D8     78D8       38     3C6C       0
                text10                             78A4     78A4       34     3C52       0
                text9                              7A0E     7A0E       48     3D07       0
                text8                              7BD8     7BD8       A2     3DEC       0
                text7                              7A56     7A56       52     3D2B       0
                text6                              7852     7852       22     3C29       0
                text5                              7874     7874       30     3C3A       0
                text4                              794C     794C       3C     3CA6       0
                text3                              7B3E     7B3E       9A     3D9F       0
                text2                              7AA8     7AA8       96     3D54       0
                text1                              7E38     7E38      1C8     3F1C       0
                cstackCOMRAM                          1        1       32        1       1
                bssCOMRAM                            33       33       10        1       1
                cinit                              7840     7840       12     3C20       0
                text0                              7988     7988       40     3CC4       0

TOTAL           Name                               Link     Load   Length     Space
        CLASS   STACK          

        CLASS   CODE           
                end_init                              0        0        4         0
                text15                             7C7A     7C7A       C6         0
                text14                             7910     7910       3C         0
                text13                             7D40     7D40       F8         0
                text12                             79C8     79C8       46         0
                text11                             78D8     78D8       38         0
                text10                             78A4     78A4       34         0
                text9                              7A0E     7A0E       48         0
                text8                              7BD8     7BD8       A2         0
                text7                              7A56     7A56       52         0
                text6                              7852     7852       22         0
                text5                              7874     7874       30         0
                text4                              794C     794C       3C         0
                text3                              7B3E     7B3E       9A         0
                text2                              7AA8     7AA8       96         0
                text1                              7E38     7E38      1C8         0
                cinit                              7840     7840       12         0
                text0                              7988     7988       40         0

        CLASS   CONST          

        CLASS   SMALLCONST     

        CLASS   MEDIUMCONST    

        CLASS   COMRAM         
                cstackCOMRAM                          1        1       32         1
                bssCOMRAM                            33       33       10         1

        CLASS   ABS1           

        CLASS   BIGRAM         

        CLASS   RAM            

        CLASS   BANK0          

        CLASS   BANK1          

        CLASS   BANK2          

        CLASS   BANK3          

        CLASS   BANK4          

        CLASS   BANK5          

        CLASS   BANK6          

        CLASS   BANK7          

        CLASS   SFR            

        CLASS   FARRAM         

        CLASS   CONFIG         
                config                           300000   300000        E         0

        CLASS   IDLOC          
                idloc                            200000   200000        8         0

        CLASS   EEDATA         



SEGMENTS        Name                           Load    Length   Top    Selector   Space  Class

                reset_vec                      000000  000004  000004         0       0  CODE    
                cstackCOMRAM                   000001  000042  000043         1       1  COMRAM  
                cinit                          007840  000012  007852      3C20       0  CODE    
                text6                          007852  000022  007874      3C29       0  CODE    
                text5                          007874  000030  0078A4      3C3A       0  CODE    
                text10                         0078A4  000034  0078D8      3C52       0  CODE    
                text11                         0078D8  000038  007910      3C6C       0  CODE    
                text14                         007910  00003C  00794C      3C88       0  CODE    
                text4                          00794C  00003C  007988      3CA6       0  CODE    
                text0                          007988  000040  0079C8      3CC4       0  CODE    
                text12                         0079C8  000046  007A0E      3CE4       0  CODE    
                text9                          007A0E  000048  007A56      3D07       0  CODE    
                text7                          007A56  000052  007AA8      3D2B       0  CODE    
                text2                          007AA8  000096  007B3E      3D54       0  CODE    
                text3                          007B3E  00009A  007BD8      3D9F       0  CODE    
                text8                          007BD8  0000A2  007C7A      3DEC       0  CODE    
                text15                         007C7A  0000C6  007D40      3E3D       0  CODE    
                text13                         007D40  0000F8  007E38      3EA0       0  CODE    
                text1                          007E38  0001C8  008000      3F1C       0  CODE    
                idloc                          200000  000008  200008    200000       0  IDLOC   
                config                         300000  00000E  30000E    300000       0  CONFIG  


UNUSED ADDRESS RANGES

        Name                Unused          Largest block    Delta
        BANK0            000060-0000FF               A0
        BANK1            000100-0001FF              100
        BANK2            000200-0002FF              100
        BANK3            000300-0003FF              100
        BANK4            000400-0004FF              100
        BANK5            000500-0005FF              100
        BANK6            000600-0006FF              100
        BANK7            000700-0007FF              100
        BIGRAM           000043-0007FF              7BD
        CODE             000004-00783F             783C
        COMRAM           000043-00005F               1D
        CONST            000004-00783F             783C
        EEDATA           F00000-F000FF              100
        MEDIUMCONST      000800-00783F             7040
        RAM              000060-0007FF              100
        SFR              000F60-000FFF               A0
        SMALLCONST       000800-00783F              100
        STACK            000060-0007FF              7A0

                                  Symbol Table

?___awdiv                            cstackCOMRAM 000001
?___awtoft                           cstackCOMRAM 000009
?___ftmul                            cstackCOMRAM 00000D
?___ftpack                           cstackCOMRAM 000001
?_read_temp                          cstackCOMRAM 00001C
_ADCON1bits                          (abs)        000FC1
_DeviceAddress                       bssCOMRAM    000033
_INTCONbits                          (abs)        000FF2
_LATC0                               (abs)        007C58
_OSCCONbits                          (abs)        000FD3
_RC0                                 (abs)        007C10
_TRISC0                              (abs)        007CA0
__CFG_BOR$ON                         (abs)        000000
__CFG_BORV$3                         (abs)        000000
__CFG_CCP2MX$ON                      (abs)        000000
__CFG_CP0$OFF                        (abs)        000000
__CFG_CP1$OFF                        (abs)        000000
__CFG_CP2$OFF                        (abs)        000000
__CFG_CP3$OFF                        (abs)        000000
__CFG_CPB$OFF                        (abs)        000000
__CFG_CPD$OFF                        (abs)        000000
__CFG_CPUDIV$OSC1_PLL2               (abs)        000000
__CFG_EBTR0$OFF                      (abs)        000000
__CFG_EBTR1$OFF                      (abs)        000000
__CFG_EBTR2$OFF                      (abs)        000000
__CFG_EBTR3$OFF                      (abs)        000000
__CFG_EBTRB$OFF                      (abs)        000000
__CFG_FCMEN$OFF                      (abs)        000000
__CFG_FOSC$HS                        (abs)        000000
__CFG_ICPRT$OFF                      (abs)        000000
__CFG_IESO$OFF                       (abs)        000000
__CFG_LPT1OSC$OFF                    (abs)        000000
__CFG_LVP$ON                         (abs)        000000
__CFG_MCLRE$ON                       (abs)        000000
__CFG_PBADEN$ON                      (abs)        000000
__CFG_PLLDIV$5                       (abs)        000000
__CFG_PWRT$OFF                       (abs)        000000
__CFG_STVREN$ON                      (abs)        000000
__CFG_USBDIV$1                       (abs)        000000
__CFG_VREGEN$OFF                     (abs)        000000
__CFG_WDT$ON                         (abs)        000000
__CFG_WDTPS$32768                    (abs)        000000
__CFG_WRT0$OFF                       (abs)        000000
__CFG_WRT1$OFF                       (abs)        000000
__CFG_WRT2$OFF                       (abs)        000000
__CFG_WRT3$OFF                       (abs)        000000
__CFG_WRTB$OFF                       (abs)        000000
__CFG_WRTC$OFF                       (abs)        000000
__CFG_WRTD$OFF                       (abs)        000000
__CFG_XINST$OFF                      (abs)        000000
__HRAM                               (abs)        000000
__Habs1                              abs1         000000
__Hbank0                             bank0        000000
__Hbank1                             bank1        000000
__Hbank2                             bank2        000000
__Hbank3                             bank3        000000
__Hbank4                             bank4        000000
__Hbank5                             bank5        000000
__Hbank6                             bank6        000000
__Hbank7                             bank7        000000
__Hbigbss                            bigbss       000000
__Hbigdata                           bigdata      000000
__Hbigram                            bigram       000000
__Hbss                               bss          000000
__HbssCOMRAM                         bssCOMRAM    000000
__Hcinit                             cinit        000000
__Hclrtext                           clrtext      000000
__Hcomram                            comram       000000
__Hconfig                            config       30000E
__Hconst                             const        000000
__HcstackCOMRAM                      cstackCOMRAM 000000
__Hdata                              data         000000
__Heeprom_data                       eeprom_data  000000
__Hend_init                          end_init     000004
__Hfarbss                            farbss       000000
__Hfardata                           fardata      000000
__Hibigdata                          ibigdata     000000
__Hidata                             idata        000000
__Hidloc                             idloc        200008
__Hifardata                          ifardata     000000
__Hinit                              init         000000
__Hintcode                           intcode      000000
__Hintcode_body                      intcode_body 000000
__Hintcodelo                         intcodelo    000000
__Hintentry                          intentry     000000
__Hintret                            intret       000000
__Hintsave_regs                      intsave_regs 000000
__Hirdata                            irdata       000000
__Hmediumconst                       mediumconst  000000
__HnvFARRAM                          nvFARRAM     000000
__Hnvbit                             nvbit        000000
__Hnvrram                            nvrram       000000
__Hparam                             rparam       000000
__Hpowerup                           powerup      000000
__Hram                               ram          000000
__Hramtop                            ramtop       000800
__Hrbit                              rbit         000000
__Hrbss                              rbss         000000
__Hrdata                             rdata        000000
__Hreset_vec                         reset_vec    000000
__Hrparam                            rparam       000000
__Hsfr                               sfr          000000
__Hsmallconst                        smallconst   000000
__Hspace_0                           (abs)        30000E
__Hspace_1                           (abs)        000043
__Hspace_2                           (abs)        000000
__Hstack                             stack        000000
__Hstruct                            struct       000000
__Htemp                              temp         000000
__Htext                              text         000000
__Htext0                             text0        000000
__Htext1                             text1        000000
__Htext10                            text10       000000
__Htext11                            text11       000000
__Htext12                            text12       000000
__Htext13                            text13       000000
__Htext14                            text14       000000
__Htext15                            text15       000000
__Htext2                             text2        000000
__Htext3                             text3        000000
__Htext4                             text4        000000
__Htext5                             text5        000000
__Htext6                             text6        000000
__Htext7                             text7        000000
__Htext8                             text8        000000
__Htext9                             text9        000000
__LRAM                               (abs)        000001
__Labs1                              abs1         000000
__Lbank0                             bank0        000000
__Lbank1                             bank1        000000
__Lbank2                             bank2        000000
__Lbank3                             bank3        000000
__Lbank4                             bank4        000000
__Lbank5                             bank5        000000
__Lbank6                             bank6        000000
__Lbank7                             bank7        000000
__Lbigbss                            bigbss       000000
__Lbigdata                           bigdata      000000
__Lbigram                            bigram       000000
__Lbss                               bss          000000
__LbssCOMRAM                         bssCOMRAM    000000
__Lcinit                             cinit        000000
__Lclrtext                           clrtext      000000
__Lcomram                            comram       000000
__Lconfig                            config       300000
__Lconst                             const        000000
__LcstackCOMRAM                      cstackCOMRAM 000000
__Ldata                              data         000000
__Leeprom_data                       eeprom_data  000000
__Lend_init                          end_init     000000
__Lfarbss                            farbss       000000
__Lfardata                           fardata      000000
__Libigdata                          ibigdata     000000
__Lidata                             idata        000000
__Lidloc                             idloc        200000
__Lifardata                          ifardata     000000
__Linit                              init         000000
__Lintcode                           intcode      000000
__Lintcode_body                      intcode_body 000000
__Lintcodelo                         intcodelo    000000
__Lintentry                          intentry     000000
__Lintret                            intret       000000
__Lintsave_regs                      intsave_regs 000000
__Lirdata                            irdata       000000
__Lmediumconst                       mediumconst  000000
__LnvFARRAM                          nvFARRAM     000000
__Lnvbit                             nvbit        000000
__Lnvrram                            nvrram       000000
__Lparam                             rparam       000000
__Lpowerup                           powerup      000000
__Lram                               ram          000000
__Lramtop                            ramtop       000800
__Lrbit                              rbit         000000
__Lrbss                              rbss         000000
__Lrdata                             rdata        000000
__Lreset_vec                         reset_vec    000000
__Lrparam                            rparam       000000
__Lsfr                               sfr          000000
__Lsmallconst                        smallconst   000000
__Lspace_0                           (abs)        000000
__Lspace_1                           (abs)        000000
__Lspace_2                           (abs)        000000
__Lstack                             stack        000000
__Lstruct                            struct       000000
__Ltemp                              temp         000000
__Ltext                              text         000000
__Ltext0                             text0        000000
__Ltext1                             text1        000000
__Ltext10                            text10       000000
__Ltext11                            text11       000000
__Ltext12                            text12       000000
__Ltext13                            text13       000000
__Ltext14                            text14       000000
__Ltext15                            text15       000000
__Ltext2                             text2        000000
__Ltext3                             text3        000000
__Ltext4                             text4        000000
__Ltext5                             text5        000000
__Ltext6                             text6        000000
__Ltext7                             text7        000000
__Ltext8                             text8        000000
__Ltext9                             text9        000000
__S0                                 (abs)        30000E
__S1                                 (abs)        000043
__S2                                 (abs)        000000
___awdiv                             text2        007AA8
___awdiv@counter                     cstackCOMRAM 000005
___awdiv@dividend                    cstackCOMRAM 000001
___awdiv@divisor                     cstackCOMRAM 000003
___awdiv@quotient                    cstackCOMRAM 000007
___awdiv@sign                        cstackCOMRAM 000006
___awtoft                            text14       007910
___awtoft@c                          cstackCOMRAM 000009
___awtoft@sign                       cstackCOMRAM 00000C
___ftmul                             text13       007D40
___ftmul@cntr                        cstackCOMRAM 00001A
___ftmul@exp                         cstackCOMRAM 000016
___ftmul@f1                          cstackCOMRAM 00000D
___ftmul@f2                          cstackCOMRAM 000010
___ftmul@f3_as_product               cstackCOMRAM 000017
___ftmul@sign                        cstackCOMRAM 00001B
___ftpack                            text15       007C7A
___ftpack@arg                        cstackCOMRAM 000001
___ftpack@exp                        cstackCOMRAM 000004
___ftpack@sign                       cstackCOMRAM 000005
___inthi_sp                          stack        000000
___intlo_sp                          stack        000000
___param_bank                        (abs)        000010
___rparam_used                       (abs)        000001
___sp                                stack        000000
__accesstop                          (abs)        000060
__activetblptr                       (abs)        000000
__end_of___awdiv                     text2        007B3E
__end_of___awtoft                    text14       00794C
__end_of___ftmul                     text13       007E38
__end_of___ftpack                    text15       007D40
__end_of__initialization             cinit        00784C
__end_of_address_Device              text9        007A56
__end_of_delay100ms                  text8        007C7A
__end_of_delay50ms                   text7        007AA8
__end_of_delay750ms                  text6        007874
__end_of_init_sensor                 text12       007A0E
__end_of_main                        text0        0079C8
__end_of_read_Bit                    text5        0078A4
__end_of_read_Byte                   text4        007988
__end_of_read_temp                   text3        007BD8
__end_of_search_Devices              text1        008000
__end_of_write_Bit                   text11       007910
__end_of_write_Byte                  text10       0078D8
__initialization                     cinit        007840
__mediumconst                        mediumconst  000000
__pbssCOMRAM                         bssCOMRAM    000033
__pcinit                             cinit        007840
__pcstackCOMRAM                      cstackCOMRAM 000001
__ptext0                             text0        007988
__ptext1                             text1        007E38
__ptext10                            text10       0078A4
__ptext11                            text11       0078D8
__ptext12                            text12       0079C8
__ptext13                            text13       007D40
__ptext14                            text14       007910
__ptext15                            text15       007C7A
__ptext2                             text2        007AA8
__ptext3                             text3        007B3E
__ptext4                             text4        00794C
__ptext5                             text5        007874
__ptext6                             text6        007852
__ptext7                             text7        007A56
__ptext8                             text8        007BD8
__ptext9                             text9        007A0E
__ramtop                             ramtop       000800
__size_of___awdiv                    (abs)        000000
__size_of___awtoft                   (abs)        000000
__size_of___ftmul                    (abs)        000000
__size_of___ftpack                   (abs)        000000
__size_of_address_Device             (abs)        000000
__size_of_delay100ms                 (abs)        000000
__size_of_delay50ms                  (abs)        000000
__size_of_delay750ms                 (abs)        000000
__size_of_init_sensor                (abs)        000000
__size_of_main                       (abs)        000000
__size_of_read_Bit                   (abs)        000000
__size_of_read_Byte                  (abs)        000000
__size_of_read_temp                  (abs)        000000
__size_of_search_Devices             (abs)        000000
__size_of_write_Bit                  (abs)        000000
__size_of_write_Byte                 (abs)        000000
__smallconst                         smallconst   000000
_address_Device                      text9        007A0E
_delay100ms                          text8        007BD8
_delay50ms                           text7        007A56
_delay750ms                          text6        007852
_init_sensor                         text12       0079C8
_main                                text0        007988
_read_Bit                            text5        007874
_read_Byte                           text4        00794C
_read_temp                           text3        007B3E
_search_Devices                      text1        007E38
_write_Bit                           text11       0078D8
_write_Byte                          text10       0078A4
address_Device@Adress                cstackCOMRAM 000005
address_Device@i                     cstackCOMRAM 000007
end_of_initialization                cinit        00784C
init_sensor@reponse                  cstackCOMRAM 000002
intlevel0                            text         000000
intlevel1                            text         000000
intlevel2                            text         000000
intlevel3                            text         000000
main@Sucess                          cstackCOMRAM 000031
main@reponse                         cstackCOMRAM 000032
main@temperature                     cstackCOMRAM 00002E
read_Bit@result                      cstackCOMRAM 000001
read_Byte@data                       cstackCOMRAM 000002
read_Byte@i                          cstackCOMRAM 000003
read_temp@DeviceAddress              cstackCOMRAM 000028
read_temp@temp                       cstackCOMRAM 000026
read_temp@temperature                cstackCOMRAM 000021
read_temp@temph                      cstackCOMRAM 000025
read_temp@templ                      cstackCOMRAM 000024
search_Devices@CurrentConflictBitPos cstackCOMRAM 000016
search_Devices@InputBitStatus        cstackCOMRAM 00001D
search_Devices@LastConflictBitNum    cstackCOMRAM 000015
search_Devices@SelectedBit           cstackCOMRAM 000018
search_Devices@bitnum                cstackCOMRAM 000020
search_Devices@i                     cstackCOMRAM 000019
search_Devices@j                     cstackCOMRAM 00001E
search_Devices@k                     cstackCOMRAM 00001B
search_Devices@list_Devices          cstackCOMRAM 00000D
search_Devices@mask                  cstackCOMRAM 000017
stackhi                              (abs)        0007FF
stacklo                              (abs)        000060
start                                init         000000
start_initialization                 cinit        007840
write_Bit@WriteArg                   cstackCOMRAM 000001
write_Byte@data                      cstackCOMRAM 000002
write_Byte@i                         cstackCOMRAM 000003


FUNCTION INFORMATION:

 *************** function _main *****************
 Defined at:
		line 10 in file "main.c"
 Parameters:    Size  Location     Type
  argc            2   40[COMRAM] int 
  argv            3   42[COMRAM] PTR PTR unsigned char 
 Auto vars:     Size  Location     Type
  Sucess          1   48[COMRAM] unsigned char 
  temperature     3   45[COMRAM] float 
  reponse         1   49[COMRAM] unsigned char 
 Return value:  Size  Location     Type
                  2   40[COMRAM] int 
 Registers used:
		wreg, fsr1l, fsr1h, fsr2l, fsr2h, status,2, status,0, cstack
 Tracked objects:
		On entry : 
		On exit  : 
		Unchanged: 
 Data sizes:     COMRAM   BANK0   BANK1   BANK2   BANK3   BANK4   BANK5   BANK6   BANK7
      Params:         5       0       0       0       0       0       0       0       0
      Locals:         5       0       0       0       0       0       0       0       0
      Temps:          0       0       0       0       0       0       0       0       0
      Totals:        10       0       0       0       0       0       0       0       0
Total ram usage:       10 bytes
 Hardware stack levels required when called:    4
 This function calls:
		_init_sensor
		_read_temp
		_search_Devices
 This function is called by:
		Startup code after reset
 This function uses a non-reentrant model


 *************** function _search_Devices *****************
 Defined at:
		line 98 in file "DS18B20/DS18B20.c"
 Parameters:    Size  Location     Type
		None
 Auto vars:     Size  Location     Type
  j               2   29[COMRAM] int 
  InputBitStat    1   28[COMRAM] unsigned char 
  SelectedBit     1   23[COMRAM] unsigned char 
  k               2   26[COMRAM] int 
  bitnum          2   31[COMRAM] int 
  mask            1   22[COMRAM] unsigned char 
  CurrentConfl    1   21[COMRAM] unsigned char 
  i               2   24[COMRAM] int 
  list_Devices    8   12[COMRAM] unsigned char [8]
  LastConflict    1   20[COMRAM] unsigned char 
 Return value:  Size  Location     Type
                  1    wreg      unsigned char 
 Registers used:
		wreg, fsr1l, fsr1h, fsr2l, fsr2h, status,2, status,0, cstack
 Tracked objects:
		On entry : 
		On exit  : 
		Unchanged: 
 Data sizes:     COMRAM   BANK0   BANK1   BANK2   BANK3   BANK4   BANK5   BANK6   BANK7
      Params:         0       0       0       0       0       0       0       0       0
      Locals:        21       0       0       0       0       0       0       0       0
      Temps:          4       0       0       0       0       0       0       0       0
      Totals:        25       0       0       0       0       0       0       0       0
Total ram usage:       25 bytes
 Hardware stack levels used:    1
 Hardware stack levels required when called:    2
 This function calls:
		___awdiv
		_init_sensor
		_read_Bit
		_write_Bit
		_write_Byte
 This function is called by:
		_main
 This function uses a non-reentrant model


 *************** function ___awdiv *****************
 Defined at:
		line 8 in file "/Applications/microchip/xc8/v1.34/sources/common/awdiv.c"
 Parameters:    Size  Location     Type
  dividend        2    0[COMRAM] int 
  divisor         2    2[COMRAM] int 
 Auto vars:     Size  Location     Type
  quotient        2    6[COMRAM] int 
  sign            1    5[COMRAM] unsigned char 
  counter         1    4[COMRAM] unsigned char 
 Return value:  Size  Location     Type
                  2    0[COMRAM] int 
 Registers used:
		wreg, status,2, status,0
 Tracked objects:
		On entry : 
		On exit  : 
		Unchanged: 
 Data sizes:     COMRAM   BANK0   BANK1   BANK2   BANK3   BANK4   BANK5   BANK6   BANK7
      Params:         4       0       0       0       0       0       0       0       0
      Locals:         4       0       0       0       0       0       0       0       0
      Temps:          0       0       0       0       0       0       0       0       0
      Totals:         8       0       0       0       0       0       0       0       0
Total ram usage:        8 bytes
 Hardware stack levels used:    1
 This function calls:
		Nothing
 This function is called by:
		_search_Devices
 This function uses a non-reentrant model


 *************** function _read_temp *****************
 Defined at:
		line 170 in file "DS18B20/DS18B20.c"
 Parameters:    Size  Location     Type
  DeviceAddres    1    wreg     unsigned char 
 Auto vars:     Size  Location     Type
  DeviceAddres    1   39[COMRAM] unsigned char 
  temperature     3   32[COMRAM] float 
  temp            2   37[COMRAM] int 
  temph           1   36[COMRAM] unsigned char 
  templ           1   35[COMRAM] unsigned char 
 Return value:  Size  Location     Type
                  3   27[COMRAM] float 
 Registers used:
		wreg, fsr2l, fsr2h, status,2, status,0, cstack
 Tracked objects:
		On entry : 
		On exit  : 
		Unchanged: 
 Data sizes:     COMRAM   BANK0   BANK1   BANK2   BANK3   BANK4   BANK5   BANK6   BANK7
      Params:         3       0       0       0       0       0       0       0       0
      Locals:         8       0       0       0       0       0       0       0       0
      Temps:          2       0       0       0       0       0       0       0       0
      Totals:        13       0       0       0       0       0       0       0       0
Total ram usage:       13 bytes
 Hardware stack levels used:    1
 Hardware stack levels required when called:    3
 This function calls:
		___awtoft
		___ftmul
		_address_Device
		_delay750ms
		_init_sensor
		_read_Byte
		_write_Byte
 This function is called by:
		_main
 This function uses a non-reentrant model


 *************** function _read_Byte *****************
 Defined at:
		line 68 in file "DS18B20/DS18B20.c"
 Parameters:    Size  Location     Type
		None
 Auto vars:     Size  Location     Type
  i               2    2[COMRAM] int 
  data            1    1[COMRAM] unsigned char 
 Return value:  Size  Location     Type
                  1    wreg      unsigned char 
 Registers used:
		wreg, status,2, status,0, cstack
 Tracked objects:
		On entry : 
		On exit  : 
		Unchanged: 
 Data sizes:     COMRAM   BANK0   BANK1   BANK2   BANK3   BANK4   BANK5   BANK6   BANK7
      Params:         0       0       0       0       0       0       0       0       0
      Locals:         3       0       0       0       0       0       0       0       0
      Temps:          0       0       0       0       0       0       0       0       0
      Totals:         3       0       0       0       0       0       0       0       0
Total ram usage:        3 bytes
 Hardware stack levels used:    1
 Hardware stack levels required when called:    1
 This function calls:
		_read_Bit
 This function is called by:
		_read_temp
 This function uses a non-reentrant model


 *************** function _read_Bit *****************
 Defined at:
		line 52 in file "DS18B20/DS18B20.c"
 Parameters:    Size  Location     Type
		None
 Auto vars:     Size  Location     Type
  result          1    0[COMRAM] unsigned char 
 Return value:  Size  Location     Type
                  1    wreg      unsigned char 
 Registers used:
		wreg, status,2
 Tracked objects:
		On entry : 
		On exit  : 
		Unchanged: 
 Data sizes:     COMRAM   BANK0   BANK1   BANK2   BANK3   BANK4   BANK5   BANK6   BANK7
      Params:         0       0       0       0       0       0       0       0       0
      Locals:         1       0       0       0       0       0       0       0       0
      Temps:          0       0       0       0       0       0       0       0       0
      Totals:         1       0       0       0       0       0       0       0       0
Total ram usage:        1 bytes
 Hardware stack levels used:    1
 This function calls:
		Nothing
 This function is called by:
		_read_Byte
		_search_Devices
 This function uses a non-reentrant model


 *************** function _delay750ms *****************
 Defined at:
		line 214 in file "DS18B20/DS18B20.c"
 Parameters:    Size  Location     Type
		None
 Auto vars:     Size  Location     Type
		None
 Return value:  Size  Location     Type
		None               void
 Registers used:
		wreg, cstack
 Tracked objects:
		On entry : 
		On exit  : 
		Unchanged: 
 Data sizes:     COMRAM   BANK0   BANK1   BANK2   BANK3   BANK4   BANK5   BANK6   BANK7
      Params:         0       0       0       0       0       0       0       0       0
      Locals:         0       0       0       0       0       0       0       0       0
      Temps:          0       0       0       0       0       0       0       0       0
      Totals:         0       0       0       0       0       0       0       0       0
Total ram usage:        0 bytes
 Hardware stack levels used:    1
 Hardware stack levels required when called:    1
 This function calls:
		_delay100ms
		_delay50ms
 This function is called by:
		_read_temp
 This function uses a non-reentrant model


 *************** function _delay50ms *****************
 Defined at:
		line 205 in file "DS18B20/DS18B20.c"
 Parameters:    Size  Location     Type
		None
 Auto vars:     Size  Location     Type
		None
 Return value:  Size  Location     Type
		None               void
 Registers used:
		wreg
 Tracked objects:
		On entry : 
		On exit  : 
		Unchanged: 
 Data sizes:     COMRAM   BANK0   BANK1   BANK2   BANK3   BANK4   BANK5   BANK6   BANK7
      Params:         0       0       0       0       0       0       0       0       0
      Locals:         0       0       0       0       0       0       0       0       0
      Temps:          1       0       0       0       0       0       0       0       0
      Totals:         1       0       0       0       0       0       0       0       0
Total ram usage:        1 bytes
 Hardware stack levels used:    1
 This function calls:
		Nothing
 This function is called by:
		_delay750ms
 This function uses a non-reentrant model


 *************** function _delay100ms *****************
 Defined at:
		line 191 in file "DS18B20/DS18B20.c"
 Parameters:    Size  Location     Type
		None
 Auto vars:     Size  Location     Type
		None
 Return value:  Size  Location     Type
		None               void
 Registers used:
		wreg
 Tracked objects:
		On entry : 
		On exit  : 
		Unchanged: 
 Data sizes:     COMRAM   BANK0   BANK1   BANK2   BANK3   BANK4   BANK5   BANK6   BANK7
      Params:         0       0       0       0       0       0       0       0       0
      Locals:         0       0       0       0       0       0       0       0       0
      Temps:          1       0       0       0       0       0       0       0       0
      Totals:         1       0       0       0       0       0       0       0       0
Total ram usage:        1 bytes
 Hardware stack levels used:    1
 This function calls:
		Nothing
 This function is called by:
		_delay750ms
 This function uses a non-reentrant model


 *************** function _address_Device *****************
 Defined at:
		line 82 in file "DS18B20/DS18B20.c"
 Parameters:    Size  Location     Type
  Adress          2    4[COMRAM] PTR unsigned char 
		 -> RAM(2047), 
 Auto vars:     Size  Location     Type
  i               2    6[COMRAM] int 
 Return value:  Size  Location     Type
                  1    wreg      unsigned char 
 Registers used:
		wreg, fsr2l, fsr2h, status,2, status,0, cstack
 Tracked objects:
		On entry : 
		On exit  : 
		Unchanged: 
 Data sizes:     COMRAM   BANK0   BANK1   BANK2   BANK3   BANK4   BANK5   BANK6   BANK7
      Params:         2       0       0       0       0       0       0       0       0
      Locals:         2       0       0       0       0       0       0       0       0
      Temps:          0       0       0       0       0       0       0       0       0
      Totals:         4       0       0       0       0       0       0       0       0
Total ram usage:        4 bytes
 Hardware stack levels used:    1
 Hardware stack levels required when called:    2
 This function calls:
		_init_sensor
		_write_Byte
 This function is called by:
		_read_temp
 This function uses a non-reentrant model


 *************** function _write_Byte *****************
 Defined at:
		line 43 in file "DS18B20/DS18B20.c"
 Parameters:    Size  Location     Type
  data            1    wreg     unsigned char 
 Auto vars:     Size  Location     Type
  data            1    1[COMRAM] unsigned char 
  i               2    2[COMRAM] int 
 Return value:  Size  Location     Type
		None               void
 Registers used:
		wreg, status,2, status,0, cstack
 Tracked objects:
		On entry : 
		On exit  : 
		Unchanged: 
 Data sizes:     COMRAM   BANK0   BANK1   BANK2   BANK3   BANK4   BANK5   BANK6   BANK7
      Params:         0       0       0       0       0       0       0       0       0
      Locals:         3       0       0       0       0       0       0       0       0
      Temps:          0       0       0       0       0       0       0       0       0
      Totals:         3       0       0       0       0       0       0       0       0
Total ram usage:        3 bytes
 Hardware stack levels used:    1
 Hardware stack levels required when called:    1
 This function calls:
		_write_Bit
 This function is called by:
		_address_Device
		_search_Devices
		_read_temp
 This function uses a non-reentrant model


 *************** function _write_Bit *****************
 Defined at:
		line 21 in file "DS18B20/DS18B20.c"
 Parameters:    Size  Location     Type
  WriteArg        1    wreg     unsigned char 
 Auto vars:     Size  Location     Type
  WriteArg        1    0[COMRAM] unsigned char 
 Return value:  Size  Location     Type
		None               void
 Registers used:
		wreg, status,2, status,0, cstack
 Tracked objects:
		On entry : 
		On exit  : 
		Unchanged: 
 Data sizes:     COMRAM   BANK0   BANK1   BANK2   BANK3   BANK4   BANK5   BANK6   BANK7
      Params:         0       0       0       0       0       0       0       0       0
      Locals:         1       0       0       0       0       0       0       0       0
      Temps:          0       0       0       0       0       0       0       0       0
      Totals:         1       0       0       0       0       0       0       0       0
Total ram usage:        1 bytes
 Hardware stack levels used:    1
 This function calls:
		Nothing
 This function is called by:
		_write_Byte
		_search_Devices
 This function uses a non-reentrant model


 *************** function _init_sensor *****************
 Defined at:
		line 5 in file "DS18B20/DS18B20.c"
 Parameters:    Size  Location     Type
		None
 Auto vars:     Size  Location     Type
  reponse         1    1[COMRAM] unsigned char 
 Return value:  Size  Location     Type
                  1    wreg      unsigned char 
 Registers used:
		wreg, status,2
 Tracked objects:
		On entry : 
		On exit  : 
		Unchanged: 
 Data sizes:     COMRAM   BANK0   BANK1   BANK2   BANK3   BANK4   BANK5   BANK6   BANK7
      Params:         0       0       0       0       0       0       0       0       0
      Locals:         1       0       0       0       0       0       0       0       0
      Temps:          1       0       0       0       0       0       0       0       0
      Totals:         2       0       0       0       0       0       0       0       0
Total ram usage:        2 bytes
 Hardware stack levels used:    1
 This function calls:
		Nothing
 This function is called by:
		_main
		_address_Device
		_search_Devices
		_read_temp
 This function uses a non-reentrant model


 *************** function ___ftmul *****************
 Defined at:
		line 62 in file "/Applications/microchip/xc8/v1.34/sources/common/ftmul.c"
 Parameters:    Size  Location     Type
  f1              3   12[COMRAM] float 
  f2              3   15[COMRAM] float 
 Auto vars:     Size  Location     Type
  f3_as_produc    3   22[COMRAM] unsigned um
  sign            1   26[COMRAM] unsigned char 
  cntr            1   25[COMRAM] unsigned char 
  exp             1   21[COMRAM] unsigned char 
 Return value:  Size  Location     Type
                  3   12[COMRAM] float 
 Registers used:
		wreg, status,2, status,0, cstack
 Tracked objects:
		On entry : 
		On exit  : 
		Unchanged: 
 Data sizes:     COMRAM   BANK0   BANK1   BANK2   BANK3   BANK4   BANK5   BANK6   BANK7
      Params:         6       0       0       0       0       0       0       0       0
      Locals:         6       0       0       0       0       0       0       0       0
      Temps:          3       0       0       0       0       0       0       0       0
      Totals:        15       0       0       0       0       0       0       0       0
Total ram usage:       15 bytes
 Hardware stack levels used:    1
 Hardware stack levels required when called:    1
 This function calls:
		___ftpack
 This function is called by:
		_read_temp
 This function uses a non-reentrant model


 *************** function ___awtoft *****************
 Defined at:
		line 32 in file "/Applications/microchip/xc8/v1.34/sources/common/awtoft.c"
 Parameters:    Size  Location     Type
  c               2    8[COMRAM] int 
 Auto vars:     Size  Location     Type
  sign            1   11[COMRAM] unsigned char 
 Return value:  Size  Location     Type
                  3    8[COMRAM] float 
 Registers used:
		wreg, status,2, status,0, cstack
 Tracked objects:
		On entry : 
		On exit  : 
		Unchanged: 
 Data sizes:     COMRAM   BANK0   BANK1   BANK2   BANK3   BANK4   BANK5   BANK6   BANK7
      Params:         3       0       0       0       0       0       0       0       0
      Locals:         1       0       0       0       0       0       0       0       0
      Temps:          0       0       0       0       0       0       0       0       0
      Totals:         4       0       0       0       0       0       0       0       0
Total ram usage:        4 bytes
 Hardware stack levels used:    1
 Hardware stack levels required when called:    1
 This function calls:
		___ftpack
 This function is called by:
		_read_temp
 This function uses a non-reentrant model


 *************** function ___ftpack *****************
 Defined at:
		line 62 in file "/Applications/microchip/xc8/v1.34/sources/common/float.c"
 Parameters:    Size  Location     Type
  arg             3    0[COMRAM] unsigned um
  exp             1    3[COMRAM] unsigned char 
  sign            1    4[COMRAM] unsigned char 
 Auto vars:     Size  Location     Type
		None
 Return value:  Size  Location     Type
                  3    0[COMRAM] float 
 Registers used:
		wreg, status,2, status,0
 Tracked objects:
		On entry : 
		On exit  : 
		Unchanged: 
 Data sizes:     COMRAM   BANK0   BANK1   BANK2   BANK3   BANK4   BANK5   BANK6   BANK7
      Params:         5       0       0       0       0       0       0       0       0
      Locals:         0       0       0       0       0       0       0       0       0
      Temps:          3       0       0       0       0       0       0       0       0
      Totals:         8       0       0       0       0       0       0       0       0
Total ram usage:        8 bytes
 Hardware stack levels used:    1
 This function calls:
		Nothing
 This function is called by:
		___awtoft
		___ftmul
 This function uses a non-reentrant model



MODULE INFORMATION

Module		Function		Class		Link	Load	Size
DS18B20/DS18B20.c
		_delay100ms    		CODE           	7BD8	0000	163
		_delay50ms     		CODE           	7A56	0000	83
		_init_sensor   		CODE           	79C8	0000	71
		_delay750ms    		CODE           	7852	0000	35
		_read_Bit      		CODE           	7874	0000	49
		_read_Byte     		CODE           	794C	0000	61
		_address_Device		CODE           	7A0E	0000	73
		_write_Bit     		CODE           	78D8	0000	57
		_write_Byte    		CODE           	78A4	0000	53
		_search_Devices		CODE           	7E38	0000	457
		_read_temp     		CODE           	7B3E	0000	155

DS18B20/DS18B20.c estimated size: 1257

/Applications/microchip/xc8/v1.34/sources/common/ftmul.c
		___ftmul       		CODE           	7D40	0000	249

/Applications/microchip/xc8/v1.34/sources/common/ftmul.c estimated size: 249

/Applications/microchip/xc8/v1.34/sources/common/awdiv.c
		___awdiv       		CODE           	7AA8	0000	151

/Applications/microchip/xc8/v1.34/sources/common/awdiv.c estimated size: 151

/Applications/microchip/xc8/v1.34/sources/common/awtoft.c
		___awtoft      		CODE           	7910	0000	61

/Applications/microchip/xc8/v1.34/sources/common/awtoft.c estimated size: 61

shared
		__initializatio		CODE           	7840	0000	13

shared estimated size: 13

main.c
		_main          		CODE           	7988	0000	65

main.c estimated size: 65

/Applications/microchip/xc8/v1.34/sources/common/float.c
		___ftpack      		CODE           	7C7A	0000	199

/Applications/microchip/xc8/v1.34/sources/common/float.c estimated size: 199

